<html>
<body>
<pre>
<h1>µVision Build Log</h1>
<h2>Tool Versions:</h2>
IDE-Version: µVision V5.43.1.0
Copyright (C) 2025 ARM Ltd and ARM Germany GmbH. All rights reserved.
License Information: Mohammed Khan, Starcom, LIC=----
 
Tool Versions:
Toolchain:       MDK-Lite  Version: 5.43.0.0
Toolchain Path:  C:\Users\mohammed.hussain\AppData\Local\Keil_v5\ARM\ARMCLANG\Bin
C Compiler:      ArmClang.exe V6.24
Assembler:       Armasm.exe V6.24
Linker/Locator:  ArmLink.exe V6.24
Library Manager: ArmAr.exe V6.24
Hex Converter:   FromElf.exe V6.24
CPU DLL:         SARMCM3.DLL V5.43.0.0
Dialog DLL:      DCM.DLL V1.17.5.0
Target DLL:      lmidk-agdi.dll V???
Dialog DLL:      TCM.DLL V1.56.6.0
 
<h2>Project:</h2>
G:\Git\TM4C123GH6PM\013_Program_to_Interface_Temperature(LM35)_Sensor_&_LDR\LM35.uvprojx
Project File Date:  12/12/2025

<h2>Output:</h2>
*** Using Compiler 'V6.24', folder: 'C:\Users\mohammed.hussain\AppData\Local\Keil_v5\ARM\ARMCLANG\Bin'
Build target 'Target_1'
linking...
Program Size: Code=2512 RO-data=636 RW-data=0 ZI-data=624  
".\Objects\LM35.axf" - 0 Error(s), 0 Warning(s).

<h2>Software Packages used:</h2>

Package Vendor: Keil
                http://www.keil.com/pack/Keil.TM4C_DFP.1.1.0.pack
                Keil::TM4C_DFP@1.1.0
                Texas Instruments Tiva C Series Device Support and Examples

<h2>Collection of Component include folders:</h2>
  C:/Users/mohammed.hussain/AppData/Local/Arm/Packs/Keil/TM4C_DFP/1.1.0/Device/Include/TM4C123

<h2>Collection of Component Files used:</h2>
Build Time Elapsed:  00:00:00
</pre>
</body>
</html>
